1. Testing User & Nutrition Integration...
   Test user not found, creating one...
ERROR: An exception occurred while executing a query: SQLSTATE[23000]: Integrity constraint violation: 1062 Duplicate entry 'backend_test' for key 'UNIQ_8D93D649F85E0677'
File: C:\Users\21658\Desktop\integration fedi_amine\integration\integration\vendor\doctrine\dbal\src\Driver\API\MySQL\ExceptionConverter.php
Line: 60
